PS C:\Users\saksi\Desktop\gitrensyu\git_challenge> git init
Initialized empty Git repository in C:/Users/saksi/Desktop/gitrensyu/git_challenge/.git/
PS C:\Users\saksi\Desktop\gitrensyu\git_challenge> git add hello_world.txt
PS C:\Users\saksi\Desktop\gitrensyu\git_challenge> git commit -m "1回目のコミット"
[master (root-commit) 8761cdf] 1回目のコミット
 1 file changed, 1 insertion(+)
 create mode 100644 hello_world.txt
PS C:\Users\saksi\Desktop\gitrensyu\git_challenge> git add hello_world.txt        
PS C:\Users\saksi\Desktop\gitrensyu\git_challenge> git commit -m "2回目のコミット"
[master 462553c] 2回目のコミット
 1 file changed, 2 insertions(+), 1 deletion(-)
PS C:\Users\saksi\Desktop\gitrensyu\git_challenge> git log --oneline
462553c (HEAD -> master) 2回目のコミット
8761cdf 1回目のコミット
PS C:\Users\saksi\Desktop\gitrensyu\git_challenge> 